DEBUG - 2026-03-30 12:41:08 --> Session: Class initialized using 'CodeIgniter\Session\Handlers\FileHandler' driver.
ERROR - 2026-03-30 12:50:10 --> mysqli_sql_exception: Table 'b32_41412376_portfolio.infos_generales' doesn't exist in /home/vol16_2/byethost32.com/b32_41412376/mathisfrances.22web.org/htdocs/system/Database/MySQLi/Connection.php:387
Stack trace:
#0 /home/vol16_2/byethost32.com/b32_41412376/mathisfrances.22web.org/htdocs/system/Database/MySQLi/Connection.php(387): mysqli->query('SELECT *\nFROM `...', 0)
#1 /home/vol16_2/byethost32.com/b32_41412376/mathisfrances.22web.org/htdocs/system/Database/BaseConnection.php(747): CodeIgniter\Database\MySQLi\Connection->execute('SELECT *\nFROM `...')
#2 /home/vol16_2/byethost32.com/b32_41412376/mathisfrances.22web.org/htdocs/system/Database/BaseConnection.php(659): CodeIgniter\Database\BaseConnection->simpleQuery('SELECT *\nFROM `...')
#3 /home/vol16_2/byethost32.com/b32_41412376/mathisfrances.22web.org/htdocs/system/Database/BaseBuilder.php(1240): CodeIgniter\Database\BaseConnection->query('SELECT *\nFROM `...', Array, false)
#4 /home/vol16_2/byethost32.com/b32_41412376/mathisfrances.22web.org/htdocs/system/Model.php(621): CodeIgniter\Database\BaseBuilder->get()
#5 /home/vol16_2/byethost32.com/b32_41412376/mathisfrances.22web.org/htdocs/system/BaseModel.php(586): CodeIgniter\Model->doFirst()
#6 /home/vol16_2/byethost32.com/b32_41412376/mathisfrances.22web.org/htdocs/app/Controllers/Home.php(32): CodeIgniter\BaseModel->first()
#7 /home/vol16_2/byethost32.com/b32_41412376/mathisfrances.22web.org/htdocs/system/CodeIgniter.php(887): App\Controllers\Home->index()
#8 /home/vol16_2/byethost32.com/b32_41412376/mathisfrances.22web.org/htdocs/system/CodeIgniter.php(576): CodeIgniter\CodeIgniter->runController(Object(App\Controllers\Home))
#9 /home/vol16_2/byethost32.com/b32_41412376/mathisfrances.22web.org/htdocs/system/CodeIgniter.php(238): CodeIgniter\CodeIgniter->handleRequest(NULL, Object(Config\Cache), false)
#10 /home/vol16_2/byethost32.com/b32_41412376/mathisfrances.22web.org/htdocs/system/Boot.php(340): CodeIgniter\CodeIgniter->run()
#11 /home/vol16_2/byethost32.com/b32_41412376/mathisfrances.22web.org/htdocs/system/Boot.php(67): CodeIgniter\Boot::runCodeIgniter(Object(CodeIgniter\CodeIgniter))
#12 /home/vol16_2/byethost32.com/b32_41412376/mathisfrances.22web.org/htdocs/public/index.php(61): CodeIgniter\Boot::bootWeb(Object(Config\Paths))
#13 {main}
CRITICAL - 2026-03-30 12:50:10 --> CodeIgniter\Database\Exceptions\DatabaseException: Table 'b32_41412376_portfolio.infos_generales' doesn't exist
[Method: GET, Route: /]
in SYSTEMPATH/Database/BaseConnection.php on line 700.
 1 SYSTEMPATH/Database/BaseBuilder.php(1240): CodeIgniter\Database\BaseConnection->query('SELECT *
FROM `infos_generales`
 LIMIT 1', [], false)
 2 SYSTEMPATH/Model.php(621): CodeIgniter\Database\BaseBuilder->get()
 3 SYSTEMPATH/BaseModel.php(586): CodeIgniter\Model->doFirst()
 4 APPPATH/Controllers/Home.php(32): CodeIgniter\BaseModel->first()
 5 SYSTEMPATH/CodeIgniter.php(887): App\Controllers\Home->index()
 6 SYSTEMPATH/CodeIgniter.php(576): CodeIgniter\CodeIgniter->runController(Object(App\Controllers\Home))
 7 SYSTEMPATH/CodeIgniter.php(238): CodeIgniter\CodeIgniter->handleRequest(null, Object(Config\Cache), false)
 8 SYSTEMPATH/Boot.php(340): CodeIgniter\CodeIgniter->run()
 9 SYSTEMPATH/Boot.php(67): CodeIgniter\Boot::runCodeIgniter(Object(CodeIgniter\CodeIgniter))
10 FCPATH/index.php(61): CodeIgniter\Boot::bootWeb(Object(Config\Paths))
CRITICAL - 2026-03-30 12:50:10 --> [Caused by] CodeIgniter\Database\Exceptions\DatabaseException: Table 'b32_41412376_portfolio.infos_generales' doesn't exist
in SYSTEMPATH/Database/MySQLi/Connection.php on line 392.
 1 SYSTEMPATH/Database/BaseConnection.php(747): CodeIgniter\Database\MySQLi\Connection->execute('SELECT *
FROM `infos_generales`
 LIMIT 1')
 2 SYSTEMPATH/Database/BaseConnection.php(659): CodeIgniter\Database\BaseConnection->simpleQuery('SELECT *
FROM `infos_generales`
 LIMIT 1')
 3 SYSTEMPATH/Database/BaseBuilder.php(1240): CodeIgniter\Database\BaseConnection->query('SELECT *
FROM `infos_generales`
 LIMIT 1', [], false)
 4 SYSTEMPATH/Model.php(621): CodeIgniter\Database\BaseBuilder->get()
 5 SYSTEMPATH/BaseModel.php(586): CodeIgniter\Model->doFirst()
 6 APPPATH/Controllers/Home.php(32): CodeIgniter\BaseModel->first()
 7 SYSTEMPATH/CodeIgniter.php(887): App\Controllers\Home->index()
 8 SYSTEMPATH/CodeIgniter.php(576): CodeIgniter\CodeIgniter->runController(Object(App\Controllers\Home))
 9 SYSTEMPATH/CodeIgniter.php(238): CodeIgniter\CodeIgniter->handleRequest(null, Object(Config\Cache), false)
10 SYSTEMPATH/Boot.php(340): CodeIgniter\CodeIgniter->run()
11 SYSTEMPATH/Boot.php(67): CodeIgniter\Boot::runCodeIgniter(Object(CodeIgniter\CodeIgniter))
12 FCPATH/index.php(61): CodeIgniter\Boot::bootWeb(Object(Config\Paths))
CRITICAL - 2026-03-30 12:50:10 --> [Caused by] mysqli_sql_exception: Table 'b32_41412376_portfolio.infos_generales' doesn't exist
in SYSTEMPATH/Database/MySQLi/Connection.php on line 387.
 1 SYSTEMPATH/Database/MySQLi/Connection.php(387): mysqli->query('SELECT *
FROM `infos_generales`
 LIMIT 1', 0)
 2 SYSTEMPATH/Database/BaseConnection.php(747): CodeIgniter\Database\MySQLi\Connection->execute('SELECT *
FROM `infos_generales`
 LIMIT 1')
 3 SYSTEMPATH/Database/BaseConnection.php(659): CodeIgniter\Database\BaseConnection->simpleQuery('SELECT *
FROM `infos_generales`
 LIMIT 1')
 4 SYSTEMPATH/Database/BaseBuilder.php(1240): CodeIgniter\Database\BaseConnection->query('SELECT *
FROM `infos_generales`
 LIMIT 1', [], false)
 5 SYSTEMPATH/Model.php(621): CodeIgniter\Database\BaseBuilder->get()
 6 SYSTEMPATH/BaseModel.php(586): CodeIgniter\Model->doFirst()
 7 APPPATH/Controllers/Home.php(32): CodeIgniter\BaseModel->first()
 8 SYSTEMPATH/CodeIgniter.php(887): App\Controllers\Home->index()
 9 SYSTEMPATH/CodeIgniter.php(576): CodeIgniter\CodeIgniter->runController(Object(App\Controllers\Home))
10 SYSTEMPATH/CodeIgniter.php(238): CodeIgniter\CodeIgniter->handleRequest(null, Object(Config\Cache), false)
11 SYSTEMPATH/Boot.php(340): CodeIgniter\CodeIgniter->run()
12 SYSTEMPATH/Boot.php(67): CodeIgniter\Boot::runCodeIgniter(Object(CodeIgniter\CodeIgniter))
13 FCPATH/index.php(61): CodeIgniter\Boot::bootWeb(Object(Config\Paths))
ERROR - 2026-03-30 12:50:19 --> mysqli_sql_exception: Table 'b32_41412376_portfolio.infos_generales' doesn't exist in /home/vol16_2/byethost32.com/b32_41412376/mathisfrances.22web.org/htdocs/system/Database/MySQLi/Connection.php:387
Stack trace:
#0 /home/vol16_2/byethost32.com/b32_41412376/mathisfrances.22web.org/htdocs/system/Database/MySQLi/Connection.php(387): mysqli->query('SELECT *\nFROM `...', 0)
#1 /home/vol16_2/byethost32.com/b32_41412376/mathisfrances.22web.org/htdocs/system/Database/BaseConnection.php(747): CodeIgniter\Database\MySQLi\Connection->execute('SELECT *\nFROM `...')
#2 /home/vol16_2/byethost32.com/b32_41412376/mathisfrances.22web.org/htdocs/system/Database/BaseConnection.php(659): CodeIgniter\Database\BaseConnection->simpleQuery('SELECT *\nFROM `...')
#3 /home/vol16_2/byethost32.com/b32_41412376/mathisfrances.22web.org/htdocs/system/Database/BaseBuilder.php(1240): CodeIgniter\Database\BaseConnection->query('SELECT *\nFROM `...', Array, false)
#4 /home/vol16_2/byethost32.com/b32_41412376/mathisfrances.22web.org/htdocs/system/Model.php(621): CodeIgniter\Database\BaseBuilder->get()
#5 /home/vol16_2/byethost32.com/b32_41412376/mathisfrances.22web.org/htdocs/system/BaseModel.php(586): CodeIgniter\Model->doFirst()
#6 /home/vol16_2/byethost32.com/b32_41412376/mathisfrances.22web.org/htdocs/app/Controllers/Home.php(32): CodeIgniter\BaseModel->first()
#7 /home/vol16_2/byethost32.com/b32_41412376/mathisfrances.22web.org/htdocs/system/CodeIgniter.php(887): App\Controllers\Home->index()
#8 /home/vol16_2/byethost32.com/b32_41412376/mathisfrances.22web.org/htdocs/system/CodeIgniter.php(576): CodeIgniter\CodeIgniter->runController(Object(App\Controllers\Home))
#9 /home/vol16_2/byethost32.com/b32_41412376/mathisfrances.22web.org/htdocs/system/CodeIgniter.php(238): CodeIgniter\CodeIgniter->handleRequest(NULL, Object(Config\Cache), false)
#10 /home/vol16_2/byethost32.com/b32_41412376/mathisfrances.22web.org/htdocs/system/Boot.php(340): CodeIgniter\CodeIgniter->run()
#11 /home/vol16_2/byethost32.com/b32_41412376/mathisfrances.22web.org/htdocs/system/Boot.php(67): CodeIgniter\Boot::runCodeIgniter(Object(CodeIgniter\CodeIgniter))
#12 /home/vol16_2/byethost32.com/b32_41412376/mathisfrances.22web.org/htdocs/public/index.php(61): CodeIgniter\Boot::bootWeb(Object(Config\Paths))
#13 {main}
CRITICAL - 2026-03-30 12:50:19 --> CodeIgniter\Database\Exceptions\DatabaseException: Table 'b32_41412376_portfolio.infos_generales' doesn't exist
[Method: GET, Route: /]
in SYSTEMPATH/Database/BaseConnection.php on line 700.
 1 SYSTEMPATH/Database/BaseBuilder.php(1240): CodeIgniter\Database\BaseConnection->query('SELECT *
FROM `infos_generales`
 LIMIT 1', [], false)
 2 SYSTEMPATH/Model.php(621): CodeIgniter\Database\BaseBuilder->get()
 3 SYSTEMPATH/BaseModel.php(586): CodeIgniter\Model->doFirst()
 4 APPPATH/Controllers/Home.php(32): CodeIgniter\BaseModel->first()
 5 SYSTEMPATH/CodeIgniter.php(887): App\Controllers\Home->index()
 6 SYSTEMPATH/CodeIgniter.php(576): CodeIgniter\CodeIgniter->runController(Object(App\Controllers\Home))
 7 SYSTEMPATH/CodeIgniter.php(238): CodeIgniter\CodeIgniter->handleRequest(null, Object(Config\Cache), false)
 8 SYSTEMPATH/Boot.php(340): CodeIgniter\CodeIgniter->run()
 9 SYSTEMPATH/Boot.php(67): CodeIgniter\Boot::runCodeIgniter(Object(CodeIgniter\CodeIgniter))
10 FCPATH/index.php(61): CodeIgniter\Boot::bootWeb(Object(Config\Paths))
CRITICAL - 2026-03-30 12:50:19 --> [Caused by] CodeIgniter\Database\Exceptions\DatabaseException: Table 'b32_41412376_portfolio.infos_generales' doesn't exist
in SYSTEMPATH/Database/MySQLi/Connection.php on line 392.
 1 SYSTEMPATH/Database/BaseConnection.php(747): CodeIgniter\Database\MySQLi\Connection->execute('SELECT *
FROM `infos_generales`
 LIMIT 1')
 2 SYSTEMPATH/Database/BaseConnection.php(659): CodeIgniter\Database\BaseConnection->simpleQuery('SELECT *
FROM `infos_generales`
 LIMIT 1')
 3 SYSTEMPATH/Database/BaseBuilder.php(1240): CodeIgniter\Database\BaseConnection->query('SELECT *
FROM `infos_generales`
 LIMIT 1', [], false)
 4 SYSTEMPATH/Model.php(621): CodeIgniter\Database\BaseBuilder->get()
 5 SYSTEMPATH/BaseModel.php(586): CodeIgniter\Model->doFirst()
 6 APPPATH/Controllers/Home.php(32): CodeIgniter\BaseModel->first()
 7 SYSTEMPATH/CodeIgniter.php(887): App\Controllers\Home->index()
 8 SYSTEMPATH/CodeIgniter.php(576): CodeIgniter\CodeIgniter->runController(Object(App\Controllers\Home))
 9 SYSTEMPATH/CodeIgniter.php(238): CodeIgniter\CodeIgniter->handleRequest(null, Object(Config\Cache), false)
10 SYSTEMPATH/Boot.php(340): CodeIgniter\CodeIgniter->run()
11 SYSTEMPATH/Boot.php(67): CodeIgniter\Boot::runCodeIgniter(Object(CodeIgniter\CodeIgniter))
12 FCPATH/index.php(61): CodeIgniter\Boot::bootWeb(Object(Config\Paths))
CRITICAL - 2026-03-30 12:50:19 --> [Caused by] mysqli_sql_exception: Table 'b32_41412376_portfolio.infos_generales' doesn't exist
in SYSTEMPATH/Database/MySQLi/Connection.php on line 387.
 1 SYSTEMPATH/Database/MySQLi/Connection.php(387): mysqli->query('SELECT *
FROM `infos_generales`
 LIMIT 1', 0)
 2 SYSTEMPATH/Database/BaseConnection.php(747): CodeIgniter\Database\MySQLi\Connection->execute('SELECT *
FROM `infos_generales`
 LIMIT 1')
 3 SYSTEMPATH/Database/BaseConnection.php(659): CodeIgniter\Database\BaseConnection->simpleQuery('SELECT *
FROM `infos_generales`
 LIMIT 1')
 4 SYSTEMPATH/Database/BaseBuilder.php(1240): CodeIgniter\Database\BaseConnection->query('SELECT *
FROM `infos_generales`
 LIMIT 1', [], false)
 5 SYSTEMPATH/Model.php(621): CodeIgniter\Database\BaseBuilder->get()
 6 SYSTEMPATH/BaseModel.php(586): CodeIgniter\Model->doFirst()
 7 APPPATH/Controllers/Home.php(32): CodeIgniter\BaseModel->first()
 8 SYSTEMPATH/CodeIgniter.php(887): App\Controllers\Home->index()
 9 SYSTEMPATH/CodeIgniter.php(576): CodeIgniter\CodeIgniter->runController(Object(App\Controllers\Home))
10 SYSTEMPATH/CodeIgniter.php(238): CodeIgniter\CodeIgniter->handleRequest(null, Object(Config\Cache), false)
11 SYSTEMPATH/Boot.php(340): CodeIgniter\CodeIgniter->run()
12 SYSTEMPATH/Boot.php(67): CodeIgniter\Boot::runCodeIgniter(Object(CodeIgniter\CodeIgniter))
13 FCPATH/index.php(61): CodeIgniter\Boot::bootWeb(Object(Config\Paths))
