ERROR - 2026-09-02 16:46:04 --> Error connecting to the database: mysqli_sql_exception: Unknown database 'b32_41412376_portfolio' in C:\xampp\htdocs\www\CV\htdocs\system\Database\MySQLi\Connection.php:197
Stack trace:
#0 C:\xampp\htdocs\www\CV\htdocs\system\Database\MySQLi\Connection.php(197): mysqli->real_connect('localhost', 'root', Object(SensitiveParameterValue), 'b32_41412376_po...', 3306, '', 0)
#1 C:\xampp\htdocs\www\CV\htdocs\system\Database\BaseConnection.php(442): CodeIgniter\Database\MySQLi\Connection->connect(false)
#2 C:\xampp\htdocs\www\CV\htdocs\system\Database\BaseConnection.php(627): CodeIgniter\Database\BaseConnection->initialize()
#3 C:\xampp\htdocs\www\CV\htdocs\system\Database\BaseBuilder.php(1240): CodeIgniter\Database\BaseConnection->query('SELECT *\nFROM `...', Array, false)
#4 C:\xampp\htdocs\www\CV\htdocs\system\Model.php(621): CodeIgniter\Database\BaseBuilder->get()
#5 C:\xampp\htdocs\www\CV\htdocs\system\BaseModel.php(586): CodeIgniter\Model->doFirst()
#6 C:\xampp\htdocs\www\CV\htdocs\app\Controllers\Home.php(32): CodeIgniter\BaseModel->first()
#7 C:\xampp\htdocs\www\CV\htdocs\system\CodeIgniter.php(887): App\Controllers\Home->index()
#8 C:\xampp\htdocs\www\CV\htdocs\system\CodeIgniter.php(576): CodeIgniter\CodeIgniter->runController(Object(App\Controllers\Home))
#9 C:\xampp\htdocs\www\CV\htdocs\system\CodeIgniter.php(238): CodeIgniter\CodeIgniter->handleRequest(NULL, Object(Config\Cache), false)
#10 C:\xampp\htdocs\www\CV\htdocs\system\Boot.php(340): CodeIgniter\CodeIgniter->run()
#11 C:\xampp\htdocs\www\CV\htdocs\system\Boot.php(67): CodeIgniter\Boot::runCodeIgniter(Object(CodeIgniter\CodeIgniter))
#12 C:\xampp\htdocs\www\CV\htdocs\public\index.php(61): CodeIgniter\Boot::bootWeb(Object(Config\Paths))
#13 {main}

Next CodeIgniter\Database\Exceptions\DatabaseException: Unknown database 'b32_41412376_portfolio' in C:\xampp\htdocs\www\CV\htdocs\system\Database\MySQLi\Connection.php:242
Stack trace:
#0 C:\xampp\htdocs\www\CV\htdocs\system\Database\BaseConnection.php(442): CodeIgniter\Database\MySQLi\Connection->connect(false)
#1 C:\xampp\htdocs\www\CV\htdocs\system\Database\BaseConnection.php(627): CodeIgniter\Database\BaseConnection->initialize()
#2 C:\xampp\htdocs\www\CV\htdocs\system\Database\BaseBuilder.php(1240): CodeIgniter\Database\BaseConnection->query('SELECT *\nFROM `...', Array, false)
#3 C:\xampp\htdocs\www\CV\htdocs\system\Model.php(621): CodeIgniter\Database\BaseBuilder->get()
#4 C:\xampp\htdocs\www\CV\htdocs\system\BaseModel.php(586): CodeIgniter\Model->doFirst()
#5 C:\xampp\htdocs\www\CV\htdocs\app\Controllers\Home.php(32): CodeIgniter\BaseModel->first()
#6 C:\xampp\htdocs\www\CV\htdocs\system\CodeIgniter.php(887): App\Controllers\Home->index()
#7 C:\xampp\htdocs\www\CV\htdocs\system\CodeIgniter.php(576): CodeIgniter\CodeIgniter->runController(Object(App\Controllers\Home))
#8 C:\xampp\htdocs\www\CV\htdocs\system\CodeIgniter.php(238): CodeIgniter\CodeIgniter->handleRequest(NULL, Object(Config\Cache), false)
#9 C:\xampp\htdocs\www\CV\htdocs\system\Boot.php(340): CodeIgniter\CodeIgniter->run()
#10 C:\xampp\htdocs\www\CV\htdocs\system\Boot.php(67): CodeIgniter\Boot::runCodeIgniter(Object(CodeIgniter\CodeIgniter))
#11 C:\xampp\htdocs\www\CV\htdocs\public\index.php(61): CodeIgniter\Boot::bootWeb(Object(Config\Paths))
#12 {main}
CRITICAL - 2026-09-02 16:46:04 --> CodeIgniter\Database\Exceptions\DatabaseException: Unable to connect to the database.
Main connection [MySQLi]: Unknown database 'b32_41412376_portfolio'
[Method: GET, Route: /]
in SYSTEMPATH\Database\BaseConnection.php on line 488.
 1 SYSTEMPATH\Database\BaseConnection.php(627): CodeIgniter\Database\BaseConnection->initialize()
 2 SYSTEMPATH\Database\BaseBuilder.php(1240): CodeIgniter\Database\BaseConnection->query('SELECT *
FROM `infos_generales`
 LIMIT 1', [], false)
 3 SYSTEMPATH\Model.php(621): CodeIgniter\Database\BaseBuilder->get()
 4 SYSTEMPATH\BaseModel.php(586): CodeIgniter\Model->doFirst()
 5 APPPATH\Controllers\Home.php(32): CodeIgniter\BaseModel->first()
 6 SYSTEMPATH\CodeIgniter.php(887): App\Controllers\Home->index()
 7 SYSTEMPATH\CodeIgniter.php(576): CodeIgniter\CodeIgniter->runController(Object(App\Controllers\Home))
 8 SYSTEMPATH\CodeIgniter.php(238): CodeIgniter\CodeIgniter->handleRequest(null, Object(Config\Cache), false)
 9 SYSTEMPATH\Boot.php(340): CodeIgniter\CodeIgniter->run()
10 SYSTEMPATH\Boot.php(67): CodeIgniter\Boot::runCodeIgniter(Object(CodeIgniter\CodeIgniter))
11 FCPATH\index.php(61): CodeIgniter\Boot::bootWeb(Object(Config\Paths))
ERROR - 2026-09-02 16:54:40 --> Error connecting to the database: mysqli_sql_exception: Unknown database 'b32_41412376_portfolio' in C:\xampp\htdocs\www\CV\htdocs\system\Database\MySQLi\Connection.php:197
Stack trace:
#0 C:\xampp\htdocs\www\CV\htdocs\system\Database\MySQLi\Connection.php(197): mysqli->real_connect('localhost', 'root', Object(SensitiveParameterValue), 'b32_41412376_po...', 3306, '', 0)
#1 C:\xampp\htdocs\www\CV\htdocs\system\Database\BaseConnection.php(442): CodeIgniter\Database\MySQLi\Connection->connect(false)
#2 C:\xampp\htdocs\www\CV\htdocs\system\Database\BaseConnection.php(627): CodeIgniter\Database\BaseConnection->initialize()
#3 C:\xampp\htdocs\www\CV\htdocs\system\Database\BaseBuilder.php(1240): CodeIgniter\Database\BaseConnection->query('SELECT *\nFROM `...', Array, false)
#4 C:\xampp\htdocs\www\CV\htdocs\system\Model.php(621): CodeIgniter\Database\BaseBuilder->get()
#5 C:\xampp\htdocs\www\CV\htdocs\system\BaseModel.php(586): CodeIgniter\Model->doFirst()
#6 C:\xampp\htdocs\www\CV\htdocs\app\Controllers\Home.php(32): CodeIgniter\BaseModel->first()
#7 C:\xampp\htdocs\www\CV\htdocs\system\CodeIgniter.php(887): App\Controllers\Home->index()
#8 C:\xampp\htdocs\www\CV\htdocs\system\CodeIgniter.php(576): CodeIgniter\CodeIgniter->runController(Object(App\Controllers\Home))
#9 C:\xampp\htdocs\www\CV\htdocs\system\CodeIgniter.php(238): CodeIgniter\CodeIgniter->handleRequest(NULL, Object(Config\Cache), false)
#10 C:\xampp\htdocs\www\CV\htdocs\system\Boot.php(340): CodeIgniter\CodeIgniter->run()
#11 C:\xampp\htdocs\www\CV\htdocs\system\Boot.php(67): CodeIgniter\Boot::runCodeIgniter(Object(CodeIgniter\CodeIgniter))
#12 C:\xampp\htdocs\www\CV\htdocs\public\index.php(61): CodeIgniter\Boot::bootWeb(Object(Config\Paths))
#13 {main}

Next CodeIgniter\Database\Exceptions\DatabaseException: Unknown database 'b32_41412376_portfolio' in C:\xampp\htdocs\www\CV\htdocs\system\Database\MySQLi\Connection.php:242
Stack trace:
#0 C:\xampp\htdocs\www\CV\htdocs\system\Database\BaseConnection.php(442): CodeIgniter\Database\MySQLi\Connection->connect(false)
#1 C:\xampp\htdocs\www\CV\htdocs\system\Database\BaseConnection.php(627): CodeIgniter\Database\BaseConnection->initialize()
#2 C:\xampp\htdocs\www\CV\htdocs\system\Database\BaseBuilder.php(1240): CodeIgniter\Database\BaseConnection->query('SELECT *\nFROM `...', Array, false)
#3 C:\xampp\htdocs\www\CV\htdocs\system\Model.php(621): CodeIgniter\Database\BaseBuilder->get()
#4 C:\xampp\htdocs\www\CV\htdocs\system\BaseModel.php(586): CodeIgniter\Model->doFirst()
#5 C:\xampp\htdocs\www\CV\htdocs\app\Controllers\Home.php(32): CodeIgniter\BaseModel->first()
#6 C:\xampp\htdocs\www\CV\htdocs\system\CodeIgniter.php(887): App\Controllers\Home->index()
#7 C:\xampp\htdocs\www\CV\htdocs\system\CodeIgniter.php(576): CodeIgniter\CodeIgniter->runController(Object(App\Controllers\Home))
#8 C:\xampp\htdocs\www\CV\htdocs\system\CodeIgniter.php(238): CodeIgniter\CodeIgniter->handleRequest(NULL, Object(Config\Cache), false)
#9 C:\xampp\htdocs\www\CV\htdocs\system\Boot.php(340): CodeIgniter\CodeIgniter->run()
#10 C:\xampp\htdocs\www\CV\htdocs\system\Boot.php(67): CodeIgniter\Boot::runCodeIgniter(Object(CodeIgniter\CodeIgniter))
#11 C:\xampp\htdocs\www\CV\htdocs\public\index.php(61): CodeIgniter\Boot::bootWeb(Object(Config\Paths))
#12 {main}
CRITICAL - 2026-09-02 16:54:40 --> CodeIgniter\Database\Exceptions\DatabaseException: Unable to connect to the database.
Main connection [MySQLi]: Unknown database 'b32_41412376_portfolio'
[Method: GET, Route: /]
in SYSTEMPATH\Database\BaseConnection.php on line 488.
 1 SYSTEMPATH\Database\BaseConnection.php(627): CodeIgniter\Database\BaseConnection->initialize()
 2 SYSTEMPATH\Database\BaseBuilder.php(1240): CodeIgniter\Database\BaseConnection->query('SELECT *
FROM `infos_generales`
 LIMIT 1', [], false)
 3 SYSTEMPATH\Model.php(621): CodeIgniter\Database\BaseBuilder->get()
 4 SYSTEMPATH\BaseModel.php(586): CodeIgniter\Model->doFirst()
 5 APPPATH\Controllers\Home.php(32): CodeIgniter\BaseModel->first()
 6 SYSTEMPATH\CodeIgniter.php(887): App\Controllers\Home->index()
 7 SYSTEMPATH\CodeIgniter.php(576): CodeIgniter\CodeIgniter->runController(Object(App\Controllers\Home))
 8 SYSTEMPATH\CodeIgniter.php(238): CodeIgniter\CodeIgniter->handleRequest(null, Object(Config\Cache), false)
 9 SYSTEMPATH\Boot.php(340): CodeIgniter\CodeIgniter->run()
10 SYSTEMPATH\Boot.php(67): CodeIgniter\Boot::runCodeIgniter(Object(CodeIgniter\CodeIgniter))
11 FCPATH\index.php(61): CodeIgniter\Boot::bootWeb(Object(Config\Paths))
